Validation failed: Issuer #1='/C=US/O=U.S. Government/OU=Testing/OU=DoD/CN=CA1-CP.04.02' is not equal to Subject #2='/C=US/O=U.S. Government/OU=DoD/OU=Testing/CN=CA1-CP.04.02'
