Validation failed: Certificate #1 only valid until Jan  1 12:01:00 2000 GMT
