Validation failed: Signature of certificate 2 was found to be invalid
