Validation failed: Signature of certificate 1 was found to be invalid
