Validation failed: Issuer #1='/C=US/O=U.S. Government/OU=Dod/OU=Testing/CN=CA1-CP.99.99' is not equal to Subject #2='/C=US/O=U.S. Government/OU=Dod/OU=Testing/CN=CA1-CP.04.01'
