Validation failed: Certificate #1 only valid until Jul  1 12:01:00 1950 GMT
