Validation failed: Certificate #1 only valid from Jan  1 12:01:00 2047 GMT
