Validation failed: Certificate #2 only valid from Jan  1 12:01:00 2047 GMT
